Rule with Long Content

Description
Testing preview handling of lengthy rule content

Tags: long, content, testing


  This is a long line of content for testing preview rendering.   
  This is a long line of content for testing preview rendering.   
  This is a long line of content for testing preview rendering.   
  This is a long line of content for testing preview rendering.   
  This is a long line of content for testing preview rendering.   
  This is a long line of content for testing preview rendering.   
  This is a long line of content for testing preview rendering.   
  This is a long line of content for testing preview rendering.   
  This is a long line of content for testing preview rendering.   
  This is a long line of content for testing preview rendering.   
  This is a long line of content for testing preview rendering.   
  This is a long line of content for testing preview rendering.   
  This is a long line of content for testing preview rendering.   
  This is a long line of content for testing preview rendering.   
  This is a long line of content for testing preview rendering.   
  This is a long line of content for testing preview rendering.   
  This is a long line of content for testing preview rendering.   
  This is a long line of content for testing preview rendering.   
  This is a long line of content for testing preview rendering.   
  This is a long line of content for testing preview rendering.   

